Microchip MPLAB XC8 Compiler V1.35 ()

Linker command line:

--edf=/Applications/microchip/xc8/v1.35/dat/en_msgs.txt -cs \
  -h+dist/default/production/WS_Chip.X.production.sym \
  --cmf=dist/default/production/WS_Chip.X.production.cmf -z -Q16F887 \
  -o/tmp/xc369aTtc -Mdist/default/production/WS_Chip.X.production.map -E1 \
  -ver=XC8 -ASTACK=0110h-016fh -pstack=STACK -ACODE=00h-07FFhx4 \
  -ASTRCODE=00h-01FFFh -ASTRING=00h-0FFhx32 -ACONST=00h-0FFhx32 \
  -AENTRY=00h-0FFhx32 -ACOMMON=070h-07Fh -ABANK0=020h-06Fh \
  -ABANK1=0A0h-0EFh -ABANK2=0110h-016Fh -ABANK3=0190h-01EFh \
  -ARAM=020h-06Fh,0A0h-0EFh,0110h-016Fh,0190h-01EFh \
  -AABS1=020h-07Fh,0A0h-0EFh,0110h-016Fh,0190h-01EFh -ASFR0=00h-01Fh \
  -ASFR1=080h-09Fh -ASFR2=0100h-010Fh -ASFR3=0180h-018Fh \
  -preset_vec=00h,intentry,init,end_init -ppowerup=CODE -pcinit=CODE \
  -pfunctab=CODE -ACONFIG=02007h-02008h -pconfig=CONFIG -DCONFIG=2 \
  -AIDLOC=02000h-02003h -pidloc=IDLOC -DIDLOC=2 -AEEDATA=00h-0FFh/02100h \
  -peeprom_data=EEDATA -DEEDATA=2 -DCODE=2 -DSTRCODE=2 -DSTRING=2 -DCONST=2 \
  -DENTRY=2 -k /tmp/xcZXLWPZQ.obj \
  dist/default/production/WS_Chip.X.production.obj 

Object code version is 3.11

Machine type is 16F887



                Name                               Link     Load   Length Selector   Space Scale
/tmp/xcZXLWPZQ.obj
                end_init                              0        0        3        0       0
                config                             2007     2007        2     400E       0
dist/default/production/WS_Chip.X.production.obj
                cinit                               7EC      7EC       14      FD8       0
                text8                               43E      43E        9      87C       0
                text7                               451      451        F      8A2       0
                text6                               507      507       77      A0E       0
                text5                               447      447        A      88E       0
                text4                               460      460       11      8C0       0
                text3                               482      482       1C      904       0
                text2                               6AE      6AE      13E      D5C       0
                text1                               4C6      4C6       41      98C       0
                maintext                            57E      57E      130      AFC       0
                cstackBANK0                          48       48       19       20       1
                cstackCOMMON                         70       70        E       70       1
                inittext                            471      471       11      8E2       0
                dataBANK0                            20       20       28       20       1
                bssBANK0                             61       61        4       20       1
                idataBANK0                          49E      49E       28      93C       0

TOTAL           Name                               Link     Load   Length     Space
        CLASS   STACK          

        CLASS   CODE           
                end_init                              0        0        3         0
                cinit                               7EC      7EC       14         0
                text8                               43E      43E        9         0
                text7                               451      451        F         0
                text6                               507      507       77         0
                text5                               447      447        A         0
                text4                               460      460       11         0
                text3                               482      482       1C         0
                text2                               6AE      6AE      13E         0
                text1                               4C6      4C6       41         0
                maintext                            57E      57E      130         0
                inittext                            471      471       11         0
                idataBANK0                          49E      49E       28         0

        CLASS   STRCODE        

        CLASS   STRING         

        CLASS   CONST          

        CLASS   ENTRY          

        CLASS   COMMON         
                cstackCOMMON                         70       70        E         1

        CLASS   BANK0          
                cstackBANK0                          48       48       19         1
                dataBANK0                            20       20       28         1
                bssBANK0                             61       61        4         1

        CLASS   BANK1          

        CLASS   BANK2          

        CLASS   BANK3          

        CLASS   RAM            

        CLASS   ABS1           
                abs_s1                               7E       7E        2         1

        CLASS   SFR0           

        CLASS   SFR1           

        CLASS   SFR2           

        CLASS   SFR3           

        CLASS   CONFIG         
                config                             2007     2007        2         0

        CLASS   IDLOC          

        CLASS   EEDATA         



SEGMENTS        Name                           Load    Length   Top    Selector   Space  Class     Delta

                reset_vec                      000000  000003  000003         0       0  CODE        2
                dataBANK0                      000020  000045  000065        20       1  BANK0       1
                cstackCOMMON                   000070  00000E  00007E        70       1  COMMON      1
                text8                          00043E  000009  000447       87C       0  CODE        2
                text5                          000447  00000A  000451       88E       0  CODE        2
                text7                          000451  00000F  000460       8A2       0  CODE        2
                text4                          000460  000011  000471       8C0       0  CODE        2
                inittext                       000471  000011  000482       8E2       0  CODE        2
                text3                          000482  00001C  00049E       904       0  CODE        2
                idataBANK0                     00049E  000028  0004C6       93C       0  CODE        2
                text1                          0004C6  000041  000507       98C       0  CODE        2
                text6                          000507  000077  00057E       A0E       0  CODE        2
                maintext                       00057E  000130  0006AE       AFC       0  CODE        2
                text2                          0006AE  00013E  0007EC       D5C       0  CODE        2
                cinit                          0007EC  000014  000800       FD8       0  CODE        2
                config                         002007  000002  002009      400E       0  CONFIG      2


UNUSED ADDRESS RANGES

        Name                Unused          Largest block    Delta
        BANK0            0065-006F              B           1
        BANK1            00A0-00EF             50           1
        BANK2            0110-016F             60           1
        BANK3            0190-01EF             60           1
        CODE             0003-043D            43B           2
                         0800-1FFF            800
        CONST            0003-043D            100           2
                         0800-1FFF            100
        EEDATA           2100-21FF            100           2
        ENTRY            0003-043D            100           2
                         0800-1FFF            100
        IDLOC            2000-2003              4           2
        RAM              0065-006F              B           1
                         00A0-00EF             50
                         0110-016F             60
                         0190-01EF             60
        SFR0             0000-001F             20           1
        SFR1             0080-009F             20           1
        SFR2             0100-010F             10           1
        SFR3             0180-018F             10           1
        STACK            0110-016F             60           1
        STRCODE          0003-043D            43B           2
                         0800-1FFF           1800
        STRING           0003-043D            100           2
                         0800-1FFF            100

                                  Symbol Table

_GIE                     (abs)        005F
_LEDData                 dataBANK0    0024
_RD0                     (abs)        0040
_TRISD0                  (abs)        0440
__0                      text8        043E
__1                      text7        0451
__CFG_BOR4V$BOR40V       (abs)        0000
__CFG_BOREN$OFF          (abs)        0000
__CFG_CP$OFF             (abs)        0000
__CFG_CPD$OFF            (abs)        0000
__CFG_FCMEN$ON           (abs)        0000
__CFG_FOSC$HS            (abs)        0000
__CFG_IESO$OFF           (abs)        0000
__CFG_LVP$ON             (abs)        0000
__CFG_MCLRE$ON           (abs)        0000
__CFG_PWRTE$OFF          (abs)        0000
__CFG_WDTE$OFF           (abs)        0000
__CFG_WRT$OFF            (abs)        0000
__Habs1                  abs1         0000
__Hbank0                 bank0        0000
__Hbank1                 bank1        0000
__Hbank2                 bank2        0000
__Hbank3                 bank3        0000
__HbssBANK0              bssBANK0     0000
__Hcinit                 cinit        0800
__Hclrtext               clrtext      0000
__Hcode                  code         0000
__Hcommon                common       0000
__Hconfig                config       2009
__HcstackBANK0           cstackBANK0  0000
__HcstackCOMMON          cstackCOMMON 0000
__HdataBANK0             dataBANK0    0000
__Heeprom_data           eeprom_data  0000
__Hend_init              end_init     0003
__Hfunctab               functab      0000
__HidataBANK0            idataBANK0   0000
__Hidloc                 idloc        0000
__Hinit                  init         0000
__Hinittext              inittext     0000
__Hintentry              intentry     0000
__Hmaintext              maintext     0000
__Hpowerup               powerup      0000
__Hram                   ram          0000
__Hreset_vec             reset_vec    0000
__Hsfr0                  sfr0         0000
__Hsfr1                  sfr1         0000
__Hsfr2                  sfr2         0000
__Hsfr3                  sfr3         0000
__Hspace_0               (abs)        2009
__Hspace_1               (abs)        007E
__Hspace_2               (abs)        0000
__Hspace_3               (abs)        0000
__Hstack                 stack        0000
__Hstrings               strings      0000
__Htext                  text         0000
__Labs1                  abs1         0000
__Lbank0                 bank0        0000
__Lbank1                 bank1        0000
__Lbank2                 bank2        0000
__Lbank3                 bank3        0000
__LbssBANK0              bssBANK0     0000
__Lcinit                 cinit        07EC
__Lclrtext               clrtext      0000
__Lcode                  code         0000
__Lcommon                common       0000
__Lconfig                config       2007
__LcstackBANK0           cstackBANK0  0000
__LcstackCOMMON          cstackCOMMON 0000
__LdataBANK0             dataBANK0    0000
__Leeprom_data           eeprom_data  0000
__Lend_init              end_init     0000
__Lfunctab               functab      0000
__LidataBANK0            idataBANK0   0000
__Lidloc                 idloc        0000
__Linit                  init         0000
__Linittext              inittext     0000
__Lintentry              intentry     0000
__Lmaintext              maintext     0000
__Lpowerup               powerup      0000
__Lram                   ram          0000
__Lreset_vec             reset_vec    0000
__Lsfr0                  sfr0         0000
__Lsfr1                  sfr1         0000
__Lsfr2                  sfr2         0000
__Lsfr3                  sfr3         0000
__Lspace_0               (abs)        0000
__Lspace_1               (abs)        0000
__Lspace_2               (abs)        0000
__Lspace_3               (abs)        0000
__Lstack                 stack        0000
__Lstrings               strings      0000
__Ltext                  text         0000
__S0                     (abs)        2009
__S1                     (abs)        007E
__S2                     (abs)        0000
__S3                     (abs)        0000
___bmul                  text4        0460
___bmul@multiplicand     cstackCOMMON 0070
___bmul@multiplier       cstackCOMMON 0073
___bmul@product          cstackCOMMON 0072
___int_sp                stack        0000
___latbits               (abs)        0002
___sp                    stack        0000
__end_of__0              text8        0447
__end_of__1              text7        0460
__end_of___bmul          text4        0471
__end_of__initialization cinit        07FC
__end_of_initLED         text6        057E
__end_of_main            maintext     06AE
__end_of_resetLED        text5        0451
__end_of_sendBit         text3        049E
__end_of_sendLEDData     text1        0507
__end_of_sendRGB         text2        07EC
__initialization         cinit        07EC
__pbssBANK0              bssBANK0     0061
__pcstackBANK0           cstackBANK0  0048
__pcstackCOMMON          cstackCOMMON 0070
__pdataBANK0             dataBANK0    0020
__pidataBANK0            idataBANK0   049E
__pmaintext              maintext     057E
__ptext1                 text1        04C6
__ptext2                 text2        06AE
__ptext3                 text3        0482
__ptext4                 text4        0460
__ptext5                 text5        0447
__ptext6                 text6        0507
__ptext7                 text7        0451
__ptext8                 text8        043E
__size_of__0             (abs)        0000
__size_of__1             (abs)        0000
__size_of___bmul         (abs)        0000
__size_of_initLED        (abs)        0000
__size_of_main           (abs)        0000
__size_of_resetLED       (abs)        0000
__size_of_sendBit        (abs)        0000
__size_of_sendLEDData    (abs)        0000
__size_of_sendRGB        (abs)        0000
_index1                  bssBANK0     0062
_index2                  dataBANK0    0020
_index3                  dataBANK0    0021
_indexHelp               bssBANK0     0064
_initLED                 text6        0507
_main                    maintext     057E
_resetLED                text5        0447
_sendBit                 text3        0482
_sendLEDData             text1        04C6
_sendRGB                 text2        06AE
_sendRGB$53              cstackBANK0  0048
_sendRGB$54              cstackBANK0  0049
_sendRGB$55              cstackBANK0  004A
_sendRGB$56              cstackBANK0  004B
_sendRGB$57              cstackBANK0  004C
_sendRGB$58              cstackBANK0  004D
_sendRGB$59              cstackBANK0  004E
_sendRGB$60              cstackBANK0  004F
_sendRGB$61              cstackBANK0  0050
_sendRGB$62              cstackBANK0  0051
_sendRGB$63              cstackBANK0  0052
_sendRGB$64              cstackBANK0  0053
_sendRGB$65              cstackBANK0  0054
_sendRGB$66              cstackBANK0  0055
_sendRGB$67              cstackBANK0  0056
_sendRGB$68              cstackBANK0  0057
_sendRGB$69              cstackBANK0  0058
_sendRGB$70              cstackBANK0  0059
_sendRGB$71              cstackBANK0  005A
_sendRGB$72              cstackBANK0  005B
_sendRGB$73              cstackBANK0  005C
btemp                    (abs)        007E
end_of_initialization    cinit        07FC
init_fetch0              inittext     0471
init_ram0                inittext     0475
intlevel0                functab      0000
intlevel1                functab      0000
intlevel2                functab      0000
intlevel3                functab      0000
intlevel4                functab      0000
intlevel5                functab      0000
ltemp                    (abs)        007E
ltemp0                   (abs)        007E
ltemp1                   (abs)        0082
ltemp2                   (abs)        0086
ltemp3                   (abs)        0080
reset_vec                reset_vec    0000
sendBit@HL               cstackCOMMON 0070
sendLEDData@LEDNumber    cstackCOMMON 0077
sendLEDData@i            cstackCOMMON 007D
sendRGB@blue             cstackCOMMON 0075
sendRGB@green            cstackCOMMON 0074
sendRGB@red              cstackBANK0  005D
stackhi                  (abs)        0000
stacklo                  (abs)        0000
start                    init         0000
start_initialization     cinit        07EC
ttemp                    (abs)        007E
ttemp0                   (abs)        007E
ttemp1                   (abs)        0081
ttemp2                   (abs)        0084
ttemp3                   (abs)        0087
ttemp4                   (abs)        007F
wtemp                    (abs)        007E
wtemp0                   (abs)        007E
wtemp1                   (abs)        0080
wtemp2                   (abs)        0082
wtemp3                   (abs)        0084
wtemp4                   (abs)        0086
wtemp5                   (abs)        0088
wtemp6                   (abs)        007F


FUNCTION INFORMATION:

 *************** function _main *****************
 Defined at:
		line 211 in file "WS_Chip.c"
 Parameters:    Size  Location     Type
		None
 Auto vars:     Size  Location     Type
		None
 Return value:  Size  Location     Type
		None               void
 Registers used:
		wreg, fsr0l, fsr0h, status,2, status,0, pclath, cstack
 Tracked objects:
		On entry : 
		On exit  : 
		Unchanged: 
 Data sizes:     COMMON   BANK0   BANK1   BANK3   BANK2
      Params:         0       0       0       0       0
      Locals:         0       0       0       0       0
      Temps:          0       3       0       0       0
      Totals:         0       3       0       0       0
Total ram usage:        3 bytes
 Hardware stack levels required when called:    3
 This function calls:
		___bmul
		_initLED
		_resetLED
		_sendLEDData
 This function is called by:
		Startup code after reset
 This function uses a non-reentrant model


 *************** function _sendLEDData *****************
 Defined at:
		line 196 in file "WS_Chip.c"
 Parameters:    Size  Location     Type
  LED             1    wreg     unsigned char 
  LEDNumber       1    7[COMMON] unsigned char 
 Auto vars:     Size  Location     Type
  LED             1    0[COMMON] unsigned char 
  i               1   13[COMMON] unsigned char 
 Return value:  Size  Location     Type
		None               void
 Registers used:
		wreg, fsr0l, fsr0h, status,2, status,0, pclath, cstack
 Tracked objects:
		On entry : 
		On exit  : 
		Unchanged: 
 Data sizes:     COMMON   BANK0   BANK1   BANK3   BANK2
      Params:         1       0       0       0       0
      Locals:         1       0       0       0       0
      Temps:          5       0       0       0       0
      Totals:         7       0       0       0       0
Total ram usage:        7 bytes
 Hardware stack levels used:    1
 Hardware stack levels required when called:    2
 This function calls:
		___bmul
		_sendRGB
 This function is called by:
		_main
 This function uses a non-reentrant model


 *************** function _sendRGB *****************
 Defined at:
		line 164 in file "WS_Chip.c"
 Parameters:    Size  Location     Type
  red             1    wreg     unsigned char 
  green           1    4[COMMON] unsigned char 
  blue            1    5[COMMON] unsigned char 
 Auto vars:     Size  Location     Type
  red             1   21[BANK0 ] unsigned char 
 Return value:  Size  Location     Type
		None               void
 Registers used:
		wreg, status,2, status,0, pclath, cstack
 Tracked objects:
		On entry : 
		On exit  : 
		Unchanged: 
 Data sizes:     COMMON   BANK0   BANK1   BANK3   BANK2
      Params:         2       0       0       0       0
      Locals:         0      22       0       0       0
      Temps:          1       0       0       0       0
      Totals:         3      22       0       0       0
Total ram usage:       25 bytes
 Hardware stack levels used:    1
 Hardware stack levels required when called:    1
 This function calls:
		_sendBit
 This function is called by:
		_sendLEDData
 This function uses a non-reentrant model


 *************** function _sendBit *****************
 Defined at:
		line 139 in file "WS_Chip.c"
 Parameters:    Size  Location     Type
  HL              1    wreg     unsigned char 
 Auto vars:     Size  Location     Type
  HL              1    0[COMMON] unsigned char 
 Return value:  Size  Location     Type
		None               void
 Registers used:
		wreg, status,2, status,0
 Tracked objects:
		On entry : 
		On exit  : 
		Unchanged: 
 Data sizes:     COMMON   BANK0   BANK1   BANK3   BANK2
      Params:         0       0       0       0       0
      Locals:         1       0       0       0       0
      Temps:          0       0       0       0       0
      Totals:         1       0       0       0       0
Total ram usage:        1 bytes
 Hardware stack levels used:    1
 This function calls:
		Nothing
 This function is called by:
		_sendRGB
 This function uses a non-reentrant model


 *************** function ___bmul *****************
 Defined at:
		line 4 in file "/Applications/microchip/xc8/v1.35/sources/common/Umul8.c"
 Parameters:    Size  Location     Type
  multiplier      1    wreg     unsigned char 
  multiplicand    1    0[COMMON] unsigned char 
 Auto vars:     Size  Location     Type
  multiplier      1    3[COMMON] unsigned char 
  product         1    2[COMMON] unsigned char 
 Return value:  Size  Location     Type
                  1    wreg      unsigned char 
 Registers used:
		wreg, status,2, status,0
 Tracked objects:
		On entry : 
		On exit  : 
		Unchanged: 
 Data sizes:     COMMON   BANK0   BANK1   BANK3   BANK2
      Params:         1       0       0       0       0
      Locals:         2       0       0       0       0
      Temps:          1       0       0       0       0
      Totals:         4       0       0       0       0
Total ram usage:        4 bytes
 Hardware stack levels used:    1
 This function calls:
		Nothing
 This function is called by:
		_sendLEDData
		_main
 This function uses a non-reentrant model


 *************** function _resetLED *****************
 Defined at:
		line 206 in file "WS_Chip.c"
 Parameters:    Size  Location     Type
		None
 Auto vars:     Size  Location     Type
		None
 Return value:  Size  Location     Type
		None               void
 Registers used:
		wreg
 Tracked objects:
		On entry : 
		On exit  : 
		Unchanged: 
 Data sizes:     COMMON   BANK0   BANK1   BANK3   BANK2
      Params:         0       0       0       0       0
      Locals:         0       0       0       0       0
      Temps:          2       0       0       0       0
      Totals:         2       0       0       0       0
Total ram usage:        2 bytes
 Hardware stack levels used:    1
 This function calls:
		Nothing
 This function is called by:
		_main
 This function uses a non-reentrant model


 *************** function _initLED *****************
 Defined at:
		line 107 in file "WS_Chip.c"
 Parameters:    Size  Location     Type
		None
 Auto vars:     Size  Location     Type
		None
 Return value:  Size  Location     Type
		None               void
 Registers used:
		status,2, status,0, pclath, cstack
 Tracked objects:
		On entry : 
		On exit  : 
		Unchanged: 
 Data sizes:     COMMON   BANK0   BANK1   BANK3   BANK2
      Params:         0       0       0       0       0
      Locals:         0       0       0       0       0
      Temps:          0       0       0       0       0
      Totals:         0       0       0       0       0
Total ram usage:        0 bytes
 Hardware stack levels used:    1
 Hardware stack levels required when called:    1
 This function calls:
		__0
		__1
 This function is called by:
		_main
 This function uses a non-reentrant model


 *************** function __1 *****************
 Defined at:
		line 92 in file "WS_Chip.c"
 Parameters:    Size  Location     Type
		None
 Auto vars:     Size  Location     Type
		None
 Return value:  Size  Location     Type
		None               void
 Registers used:
		None
 Tracked objects:
		On entry : 
		On exit  : 
		Unchanged: 
 Data sizes:     COMMON   BANK0   BANK1   BANK3   BANK2
      Params:         0       0       0       0       0
      Locals:         0       0       0       0       0
      Temps:          0       0       0       0       0
      Totals:         0       0       0       0       0
Total ram usage:        0 bytes
 Hardware stack levels used:    1
 This function calls:
		Nothing
 This function is called by:
		_initLED
 This function uses a non-reentrant model


 *************** function __0 *****************
 Defined at:
		line 84 in file "WS_Chip.c"
 Parameters:    Size  Location     Type
		None
 Auto vars:     Size  Location     Type
		None
 Return value:  Size  Location     Type
		None               void
 Registers used:
		None
 Tracked objects:
		On entry : 
		On exit  : 
		Unchanged: 
 Data sizes:     COMMON   BANK0   BANK1   BANK3   BANK2
      Params:         0       0       0       0       0
      Locals:         0       0       0       0       0
      Temps:          0       0       0       0       0
      Totals:         0       0       0       0       0
Total ram usage:        0 bytes
 Hardware stack levels used:    1
 This function calls:
		Nothing
 This function is called by:
		_initLED
 This function uses a non-reentrant model



MODULE INFORMATION

Module		Function		Class		Link	Load	Size
/Applications/microchip/xc8/v1.35/sources/common/Umul8.c
		___bmul        		CODE           	0460	0000	18

/Applications/microchip/xc8/v1.35/sources/common/Umul8.c estimated size: 18

shared
		__initialization		CODE           	07EC	0000	17

shared estimated size: 17

WS_Chip.c
		_sendBit       		CODE           	0482	0000	29
		__0            		CODE           	043E	0000	10
		__1            		CODE           	0451	0000	16
		_main          		CODE           	057E	0000	305
		_sendLEDData   		CODE           	04C6	0000	66
		_initLED       		CODE           	0507	0000	120
		_resetLED      		CODE           	0447	0000	11
		_sendRGB       		CODE           	06AE	0000	319

WS_Chip.c estimated size: 876

