Microchip MPLAB XC8 Compiler V1.35 ()

Linker command line:

--edf=/Applications/microchip/xc8/v1.35/dat/en_msgs.txt -cs \
  -h+dist/default/debug/WS_Chip.X.debug.sym \
  --cmf=dist/default/debug/WS_Chip.X.debug.cmf -z -Q16F887 -o/tmp/xckzItrUW \
  -Mdist/default/debug/WS_Chip.X.debug.map -E1 -ver=XC8 -ASTACK=0110h-016fh \
  -pstack=STACK -ACODE=00h-07FFhx3,01800h-01EFFh -ASTRCODE=00h-01EFFh \
  -ASTRING=00h-0FFhx31 -ACONST=00h-0FFhx31 -AENTRY=00h-0FFhx31 \
  -ACOMMON=071h-07Fh -ABANK0=020h-06Fh -ABANK1=0A0h-0EFh \
  -ABANK2=0110h-016Fh -ABANK3=0190h-01E4h \
  -ARAM=020h-06Fh,0A0h-0EFh,0110h-016Fh,0190h-01E4h \
  -AABS1=020h-07Fh,0A0h-0EFh,0110h-016Fh,0190h-01EFh -ASFR0=00h-01Fh \
  -ASFR1=080h-09Fh -ASFR2=0100h-010Fh -ASFR3=0180h-018Fh \
  -preset_vec=00h,intentry,init,end_init -ppowerup=CODE -pcinit=CODE \
  -pfunctab=CODE -ACONFIG=02007h-02008h -pconfig=CONFIG -DCONFIG=2 \
  -AIDLOC=02000h-02003h -pidloc=IDLOC -DIDLOC=2 -AEEDATA=00h-0FFh/02100h \
  -peeprom_data=EEDATA -DEEDATA=2 -DCODE=2 -DSTRCODE=2 -DSTRING=2 -DCONST=2 \
  -DENTRY=2 -k /tmp/xchcYY64R.obj dist/default/debug/WS_Chip.X.debug.obj 

Object code version is 3.11

Machine type is 16F887



                Name                               Link     Load   Length Selector   Space Scale
/tmp/xchcYY64R.obj
                end_init                              1        1        3        0       0
                reset_vec                             0        0        1        0       0
                config                             2007     2007        2     400E       0
dist/default/debug/WS_Chip.X.debug.obj
                cinit                               7EF      7EF       11      FDE       0
                text8                               4FB      4FB        9      9F6       0
                text7                               504      504        F      A08       0
                text6                               63A      63A       77      C74       0
                text5                               513      513       11      A26       0
                text4                               54F      54F       1C      A9E       0
                text3                               6B1      6B1      13E      D62       0
                text2                               58F      58F       49      B1E       0
                text1                               535      535       1A      A6A       0
                maintext                            5D8      5D8       62      BB0       0
                cstackBANK0                          44       44       19       20       1
                cstackCOMMON                         71       71        D       71       1
                inittext                            524      524       11      A48       0
                dataBANK0                            20       20       24       20       1
                bssBANK0                             5D       5D        1       20       1
                idataBANK0                          56B      56B       24      AD6       0

TOTAL           Name                               Link     Load   Length     Space
        CLASS   STACK          

        CLASS   CODE           
                end_init                              1        1        3         0
                cinit                               7EF      7EF       11         0
                reset_vec                             0        0        1         0
                text8                               4FB      4FB        9         0
                text7                               504      504        F         0
                text6                               63A      63A       77         0
                text5                               513      513       11         0
                text4                               54F      54F       1C         0
                text3                               6B1      6B1      13E         0
                text2                               58F      58F       49         0
                text1                               535      535       1A         0
                maintext                            5D8      5D8       62         0
                inittext                            524      524       11         0
                idataBANK0                          56B      56B       24         0

        CLASS   STRCODE        

        CLASS   STRING         

        CLASS   CONST          

        CLASS   ENTRY          

        CLASS   COMMON         
                cstackCOMMON                         71       71        D         1

        CLASS   BANK0          
                cstackBANK0                          44       44       19         1
                dataBANK0                            20       20       24         1
                bssBANK0                             5D       5D        1         1

        CLASS   BANK1          

        CLASS   BANK2          

        CLASS   BANK3          

        CLASS   RAM            

        CLASS   ABS1           
                abs_s1                               7E       7E        2         1

        CLASS   SFR0           

        CLASS   SFR1           

        CLASS   SFR2           

        CLASS   SFR3           

        CLASS   CONFIG         
                config                             2007     2007        2         0

        CLASS   IDLOC          

        CLASS   EEDATA         



SEGMENTS        Name                           Load    Length   Top    Selector   Space  Class     Delta

                reset_vec                      000000  000004  000004         0       0  CODE        2
                dataBANK0                      000020  00003E  00005E        20       1  BANK0       1
                cstackCOMMON                   000071  00000D  00007E        71       1  COMMON      1
                text8                          0004FB  000009  000504       9F6       0  CODE        2
                text7                          000504  00000F  000513       A08       0  CODE        2
                text5                          000513  000011  000524       A26       0  CODE        2
                inittext                       000524  000011  000535       A48       0  CODE        2
                text1                          000535  00001A  00054F       A6A       0  CODE        2
                text4                          00054F  00001C  00056B       A9E       0  CODE        2
                idataBANK0                     00056B  000024  00058F       AD6       0  CODE        2
                text2                          00058F  000049  0005D8       B1E       0  CODE        2
                maintext                       0005D8  000062  00063A       BB0       0  CODE        2
                text6                          00063A  000077  0006B1       C74       0  CODE        2
                text3                          0006B1  00013E  0007EF       D62       0  CODE        2
                cinit                          0007EF  000011  000800       FDE       0  CODE        2
                config                         002007  000002  002009      400E       0  CONFIG      2


UNUSED ADDRESS RANGES

        Name                Unused          Largest block    Delta
        BANK0            005E-006F             12           1
        BANK1            00A0-00EF             50           1
        BANK2            0110-016F             60           1
        BANK3            0190-01E4             55           1
        CODE             0004-04FA            4F7           2
                         0800-1EFF            800
        CONST            0004-04FA            100           2
                         0800-1EFF            100
        EEDATA           2100-21FF            100           2
        ENTRY            0004-04FA            100           2
                         0800-1EFF            100
        IDLOC            2000-2003              4           2
        RAM              005E-006F             12           1
                         00A0-00EF             50
                         0110-016F             60
                         0190-01E4             55
        SFR0             0000-001F             20           1
        SFR1             0080-009F             20           1
        SFR2             0100-010F             10           1
        SFR3             0180-018F             10           1
        STACK            0110-016F             60           1
        STRCODE          0004-04FA            4F7           2
                         0800-1EFF           1700
        STRING           0004-04FA            100           2
                         0800-1EFF            100

                                  Symbol Table

_GIE                     (abs)        005F
_LEDData                 dataBANK0    0020
_RD0                     (abs)        0040
_TRISD0                  (abs)        0440
__0                      text8        04FB
__1                      text7        0504
__CFG_BOR4V$BOR40V       (abs)        0000
__CFG_BOREN$OFF          (abs)        0000
__CFG_CP$OFF             (abs)        0000
__CFG_CPD$OFF            (abs)        0000
__CFG_FCMEN$ON           (abs)        0000
__CFG_FOSC$HS            (abs)        0000
__CFG_IESO$OFF           (abs)        0000
__CFG_LVP$ON             (abs)        0000
__CFG_MCLRE$ON           (abs)        0000
__CFG_PWRTE$OFF          (abs)        0000
__CFG_WDTE$OFF           (abs)        0000
__CFG_WRT$OFF            (abs)        0000
__Habs1                  abs1         0000
__Hbank0                 bank0        0000
__Hbank1                 bank1        0000
__Hbank2                 bank2        0000
__Hbank3                 bank3        0000
__HbssBANK0              bssBANK0     0000
__Hcinit                 cinit        0800
__Hclrtext               clrtext      0000
__Hcode                  code         0000
__Hcommon                common       0000
__Hconfig                config       2009
__HcstackBANK0           cstackBANK0  0000
__HcstackCOMMON          cstackCOMMON 0000
__HdataBANK0             dataBANK0    0000
__Heeprom_data           eeprom_data  0000
__Hend_init              end_init     0004
__Hfunctab               functab      0000
__HidataBANK0            idataBANK0   0000
__Hidloc                 idloc        0000
__Hinit                  init         0001
__Hinittext              inittext     0000
__Hintentry              intentry     0001
__Hmaintext              maintext     0000
__Hpowerup               powerup      0000
__Hram                   ram          0000
__Hreset_vec             reset_vec    0001
__Hsfr0                  sfr0         0000
__Hsfr1                  sfr1         0000
__Hsfr2                  sfr2         0000
__Hsfr3                  sfr3         0000
__Hspace_0               (abs)        2009
__Hspace_1               (abs)        007E
__Hspace_2               (abs)        0000
__Hspace_3               (abs)        0000
__Hstack                 stack        0000
__Hstrings               strings      0000
__Htext                  text         0000
__Labs1                  abs1         0000
__Lbank0                 bank0        0000
__Lbank1                 bank1        0000
__Lbank2                 bank2        0000
__Lbank3                 bank3        0000
__LbssBANK0              bssBANK0     0000
__Lcinit                 cinit        07EF
__Lclrtext               clrtext      0000
__Lcode                  code         0000
__Lcommon                common       0000
__Lconfig                config       2007
__LcstackBANK0           cstackBANK0  0000
__LcstackCOMMON          cstackCOMMON 0000
__LdataBANK0             dataBANK0    0000
__Leeprom_data           eeprom_data  0000
__Lend_init              end_init     0001
__Lfunctab               functab      0000
__LidataBANK0            idataBANK0   0000
__Lidloc                 idloc        0000
__Linit                  init         0001
__Linittext              inittext     0000
__Lintentry              intentry     0001
__Lmaintext              maintext     0000
__Lpowerup               powerup      0000
__Lram                   ram          0000
__Lreset_vec             reset_vec    0000
__Lsfr0                  sfr0         0000
__Lsfr1                  sfr1         0000
__Lsfr2                  sfr2         0000
__Lsfr3                  sfr3         0000
__Lspace_0               (abs)        0000
__Lspace_1               (abs)        0000
__Lspace_2               (abs)        0000
__Lspace_3               (abs)        0000
__Lstack                 stack        0000
__Lstrings               strings      0000
__Ltext                  text         0000
__S0                     (abs)        2009
__S1                     (abs)        007E
__S2                     (abs)        0000
__S3                     (abs)        0000
___bmul                  text5        0513
___bmul@multiplicand     cstackCOMMON 0071
___bmul@multiplier       cstackCOMMON 0074
___bmul@product          cstackCOMMON 0073
___int_sp                stack        0000
___latbits               (abs)        0002
___sp                    stack        0000
__end_of__0              text8        0504
__end_of__1              text7        0513
__end_of___bmul          text5        0524
__end_of__initialization cinit        07FC
__end_of_initLED         text6        06B1
__end_of_main            maintext     063A
__end_of_sendBit         text4        056B
__end_of_sendLEDData     text2        05D8
__end_of_sendRGB         text3        07EF
__end_of_wait_ms         text1        054F
__initialization         cinit        07EF
__pbssBANK0              bssBANK0     005D
__pcstackBANK0           cstackBANK0  0044
__pcstackCOMMON          cstackCOMMON 0071
__pdataBANK0             dataBANK0    0020
__pidataBANK0            idataBANK0   056B
__pmaintext              maintext     05D8
__ptext1                 text1        0535
__ptext2                 text2        058F
__ptext3                 text3        06B1
__ptext4                 text4        054F
__ptext5                 text5        0513
__ptext6                 text6        063A
__ptext7                 text7        0504
__ptext8                 text8        04FB
__size_of__0             (abs)        0000
__size_of__1             (abs)        0000
__size_of___bmul         (abs)        0000
__size_of_initLED        (abs)        0000
__size_of_main           (abs)        0000
__size_of_sendBit        (abs)        0000
__size_of_sendLEDData    (abs)        0000
__size_of_sendRGB        (abs)        0000
__size_of_wait_ms        (abs)        0000
_initLED                 text6        063A
_main                    maintext     05D8
_sendBit                 text4        054F
_sendLEDData             text2        058F
_sendRGB                 text3        06B1
_sendRGB$46              cstackBANK0  0044
_sendRGB$47              cstackBANK0  0045
_sendRGB$48              cstackBANK0  0046
_sendRGB$49              cstackBANK0  0047
_sendRGB$50              cstackBANK0  0048
_sendRGB$51              cstackBANK0  0049
_sendRGB$52              cstackBANK0  004A
_sendRGB$53              cstackBANK0  004B
_sendRGB$54              cstackBANK0  004C
_sendRGB$55              cstackBANK0  004D
_sendRGB$56              cstackBANK0  004E
_sendRGB$57              cstackBANK0  004F
_sendRGB$58              cstackBANK0  0050
_sendRGB$59              cstackBANK0  0051
_sendRGB$60              cstackBANK0  0052
_sendRGB$61              cstackBANK0  0053
_sendRGB$62              cstackBANK0  0054
_sendRGB$63              cstackBANK0  0055
_sendRGB$64              cstackBANK0  0056
_sendRGB$65              cstackBANK0  0057
_sendRGB$66              cstackBANK0  0058
_wait_ms                 text1        0535
btemp                    (abs)        007E
end_of_initialization    cinit        07FC
init_fetch0              inittext     0524
init_ram0                inittext     0528
intlevel0                functab      0000
intlevel1                functab      0000
intlevel2                functab      0000
intlevel3                functab      0000
intlevel4                functab      0000
intlevel5                functab      0000
ltemp                    (abs)        007E
ltemp0                   (abs)        007E
ltemp1                   (abs)        0082
ltemp2                   (abs)        0086
ltemp3                   (abs)        0080
reset_vec                reset_vec    0000
sendBit@HL               cstackCOMMON 0071
sendLEDData@LEDNumber    cstackCOMMON 0078
sendLEDData@i            cstackBANK0  005A
sendRGB@blue             cstackCOMMON 0076
sendRGB@green            cstackCOMMON 0075
sendRGB@red              cstackBANK0  0059
stackhi                  (abs)        0000
stacklo                  (abs)        0000
start                    init         0001
start_initialization     cinit        07EF
ttemp                    (abs)        007E
ttemp0                   (abs)        007E
ttemp1                   (abs)        0081
ttemp2                   (abs)        0084
ttemp3                   (abs)        0087
ttemp4                   (abs)        007F
wait_ms@Ti               cstackCOMMON 0075
wait_ms@time             cstackCOMMON 0071
wtemp                    (abs)        007E
wtemp0                   (abs)        007E
wtemp1                   (abs)        0080
wtemp2                   (abs)        0082
wtemp3                   (abs)        0084
wtemp4                   (abs)        0086
wtemp5                   (abs)        0088
wtemp6                   (abs)        007F


FUNCTION INFORMATION:

 *************** function _main *****************
 Defined at:
		line 200 in file "WS_Chip.c"
 Parameters:    Size  Location     Type
		None
 Auto vars:     Size  Location     Type
		None
 Return value:  Size  Location     Type
		None               void
 Registers used:
		wreg, fsr0l, fsr0h, status,2, status,0, pclath, cstack
 Tracked objects:
		On entry : 
		On exit  : 
		Unchanged: 
 Data sizes:     COMMON   BANK0   BANK1   BANK3   BANK2
      Params:         0       0       0       0       0
      Locals:         0       0       0       0       0
      Temps:          0       2       0       0       0
      Totals:         0       2       0       0       0
Total ram usage:        2 bytes
 Hardware stack levels required when called:    3
 This function calls:
		_initLED
		_sendLEDData
		_sendRGB
		_wait_ms
 This function is called by:
		Startup code after reset
 This function uses a non-reentrant model


 *************** function _wait_ms *****************
 Defined at:
		line 66 in file "WS_Chip.c"
 Parameters:    Size  Location     Type
  time            2    0[COMMON] unsigned int 
 Auto vars:     Size  Location     Type
  Ti              2    4[COMMON] unsigned int 
 Return value:  Size  Location     Type
		None               void
 Registers used:
		wreg, status,2
 Tracked objects:
		On entry : 
		On exit  : 
		Unchanged: 
 Data sizes:     COMMON   BANK0   BANK1   BANK3   BANK2
      Params:         2       0       0       0       0
      Locals:         2       0       0       0       0
      Temps:          2       0       0       0       0
      Totals:         6       0       0       0       0
Total ram usage:        6 bytes
 Hardware stack levels used:    1
 This function calls:
		Nothing
 This function is called by:
		_main
 This function uses a non-reentrant model


 *************** function _sendLEDData *****************
 Defined at:
		line 190 in file "WS_Chip.c"
 Parameters:    Size  Location     Type
  LED             1    wreg     unsigned char 
  LEDNumber       1    7[COMMON] unsigned char 
 Auto vars:     Size  Location     Type
  LED             1    0[COMMON] unsigned char 
  i               1   22[BANK0 ] unsigned char 
 Return value:  Size  Location     Type
		None               void
 Registers used:
		wreg, fsr0l, fsr0h, status,2, status,0, pclath, cstack
 Tracked objects:
		On entry : 
		On exit  : 
		Unchanged: 
 Data sizes:     COMMON   BANK0   BANK1   BANK3   BANK2
      Params:         1       0       0       0       0
      Locals:         0       1       0       0       0
      Temps:          5       0       0       0       0
      Totals:         6       1       0       0       0
Total ram usage:        7 bytes
 Hardware stack levels used:    1
 Hardware stack levels required when called:    2
 This function calls:
		___bmul
		_sendRGB
 This function is called by:
		_main
 This function uses a non-reentrant model


 *************** function _sendRGB *****************
 Defined at:
		line 158 in file "WS_Chip.c"
 Parameters:    Size  Location     Type
  red             1    wreg     unsigned char 
  green           1    4[COMMON] unsigned char 
  blue            1    5[COMMON] unsigned char 
 Auto vars:     Size  Location     Type
  red             1   21[BANK0 ] unsigned char 
 Return value:  Size  Location     Type
		None               void
 Registers used:
		wreg, status,2, status,0, pclath, cstack
 Tracked objects:
		On entry : 
		On exit  : 
		Unchanged: 
 Data sizes:     COMMON   BANK0   BANK1   BANK3   BANK2
      Params:         2       0       0       0       0
      Locals:         0      22       0       0       0
      Temps:          1       0       0       0       0
      Totals:         3      22       0       0       0
Total ram usage:       25 bytes
 Hardware stack levels used:    1
 Hardware stack levels required when called:    1
 This function calls:
		_sendBit
 This function is called by:
		_sendLEDData
		_main
 This function uses a non-reentrant model


 *************** function _sendBit *****************
 Defined at:
		line 133 in file "WS_Chip.c"
 Parameters:    Size  Location     Type
  HL              1    wreg     unsigned char 
 Auto vars:     Size  Location     Type
  HL              1    0[COMMON] unsigned char 
 Return value:  Size  Location     Type
		None               void
 Registers used:
		wreg, status,2, status,0
 Tracked objects:
		On entry : 
		On exit  : 
		Unchanged: 
 Data sizes:     COMMON   BANK0   BANK1   BANK3   BANK2
      Params:         0       0       0       0       0
      Locals:         1       0       0       0       0
      Temps:          0       0       0       0       0
      Totals:         1       0       0       0       0
Total ram usage:        1 bytes
 Hardware stack levels used:    1
 This function calls:
		Nothing
 This function is called by:
		_sendRGB
 This function uses a non-reentrant model


 *************** function ___bmul *****************
 Defined at:
		line 4 in file "/Applications/microchip/xc8/v1.35/sources/common/Umul8.c"
 Parameters:    Size  Location     Type
  multiplier      1    wreg     unsigned char 
  multiplicand    1    0[COMMON] unsigned char 
 Auto vars:     Size  Location     Type
  multiplier      1    3[COMMON] unsigned char 
  product         1    2[COMMON] unsigned char 
 Return value:  Size  Location     Type
                  1    wreg      unsigned char 
 Registers used:
		wreg, status,2, status,0
 Tracked objects:
		On entry : 
		On exit  : 
		Unchanged: 
 Data sizes:     COMMON   BANK0   BANK1   BANK3   BANK2
      Params:         1       0       0       0       0
      Locals:         2       0       0       0       0
      Temps:          1       0       0       0       0
      Totals:         4       0       0       0       0
Total ram usage:        4 bytes
 Hardware stack levels used:    1
 This function calls:
		Nothing
 This function is called by:
		_sendLEDData
 This function uses a non-reentrant model


 *************** function _initLED *****************
 Defined at:
		line 101 in file "WS_Chip.c"
 Parameters:    Size  Location     Type
		None
 Auto vars:     Size  Location     Type
		None
 Return value:  Size  Location     Type
		None               void
 Registers used:
		status,2, status,0, pclath, cstack
 Tracked objects:
		On entry : 
		On exit  : 
		Unchanged: 
 Data sizes:     COMMON   BANK0   BANK1   BANK3   BANK2
      Params:         0       0       0       0       0
      Locals:         0       0       0       0       0
      Temps:          0       0       0       0       0
      Totals:         0       0       0       0       0
Total ram usage:        0 bytes
 Hardware stack levels used:    1
 Hardware stack levels required when called:    1
 This function calls:
		__0
		__1
 This function is called by:
		_main
 This function uses a non-reentrant model


 *************** function __1 *****************
 Defined at:
		line 86 in file "WS_Chip.c"
 Parameters:    Size  Location     Type
		None
 Auto vars:     Size  Location     Type
		None
 Return value:  Size  Location     Type
		None               void
 Registers used:
		None
 Tracked objects:
		On entry : 
		On exit  : 
		Unchanged: 
 Data sizes:     COMMON   BANK0   BANK1   BANK3   BANK2
      Params:         0       0       0       0       0
      Locals:         0       0       0       0       0
      Temps:          0       0       0       0       0
      Totals:         0       0       0       0       0
Total ram usage:        0 bytes
 Hardware stack levels used:    1
 This function calls:
		Nothing
 This function is called by:
		_initLED
 This function uses a non-reentrant model


 *************** function __0 *****************
 Defined at:
		line 78 in file "WS_Chip.c"
 Parameters:    Size  Location     Type
		None
 Auto vars:     Size  Location     Type
		None
 Return value:  Size  Location     Type
		None               void
 Registers used:
		None
 Tracked objects:
		On entry : 
		On exit  : 
		Unchanged: 
 Data sizes:     COMMON   BANK0   BANK1   BANK3   BANK2
      Params:         0       0       0       0       0
      Locals:         0       0       0       0       0
      Temps:          0       0       0       0       0
      Totals:         0       0       0       0       0
Total ram usage:        0 bytes
 Hardware stack levels used:    1
 This function calls:
		Nothing
 This function is called by:
		_initLED
 This function uses a non-reentrant model



MODULE INFORMATION

Module		Function		Class		Link	Load	Size
/Applications/microchip/xc8/v1.35/sources/common/Umul8.c
		___bmul        		CODE           	0513	0000	18

/Applications/microchip/xc8/v1.35/sources/common/Umul8.c estimated size: 18

shared
		__initialization		CODE           	07EF	0000	14

shared estimated size: 14

WS_Chip.c
		_sendBit       		CODE           	054F	0000	29
		__0            		CODE           	04FB	0000	10
		__1            		CODE           	0504	0000	16
		_main          		CODE           	05D8	0000	99
		_sendLEDData   		CODE           	058F	0000	74
		_initLED       		CODE           	063A	0000	120
		_sendRGB       		CODE           	06B1	0000	319
		_wait_ms       		CODE           	0535	0000	27

WS_Chip.c estimated size: 694

